[0m08:26:37.370477 [debug] [MainThread]: Sending event: {'category': 'dbt', 'action': 'invocation', 'label': 'start', 'context': [<snowplow_tracker.self_describing_json.SelfDescribingJson object at 0x10af6c7a0>, <snowplow_tracker.self_describing_json.SelfDescribingJson object at 0x10b62b080>, <snowplow_tracker.self_describing_json.SelfDescribingJson object at 0x10b932000>]}


============================== 08:26:37.390934 | 8a6febc3-f8e5-4dbf-82d7-09654d13dd6c ==============================
[0m08:26:37.390934 [info ] [MainThread]: Running with dbt=1.9.4
[0m08:26:37.391305 [debug] [MainThread]: running dbt with arguments {'printer_width': '80', 'indirect_selection': 'eager', 'write_json': 'True', 'log_cache_events': 'False', 'partial_parse': 'True', 'cache_selected_only': 'False', 'profiles_dir': '/Users/maxibertonalbornoz/.dbt', 'debug': 'False', 'fail_fast': 'False', 'log_path': 'logs', 'warn_error': 'None', 'version_check': 'True', 'use_colors': 'True', 'use_experimental_parser': 'False', 'no_print': 'None', 'quiet': 'False', 'empty': 'None', 'warn_error_options': 'WarnErrorOptions(include=[], exclude=[])', 'invocation_command': 'dbt init', 'log_format': 'default', 'introspect': 'True', 'target_path': 'None', 'static_parser': 'True', 'send_anonymous_usage_stats': 'True'}
[0m08:27:03.089626 [debug] [MainThread]: Starter project path: /Users/maxibertonalbornoz/Documents/Python/btc_etl/.venv/lib/python3.12/site-packages/dbt/include/starter_project
[0m08:27:03.096537 [info ] [MainThread]: 
Your new dbt project "btc" was created!

For more information on how to configure the profiles.yml file,
please consult the dbt documentation here:

  https://docs.getdbt.com/docs/configure-your-profile

One more thing:

Need help? Don't hesitate to reach out to us via GitHub issues or on Slack:

  https://community.getdbt.com/

Happy modeling!

[0m08:27:03.096862 [info ] [MainThread]: Setting up your profile.
[0m08:29:05.137093 [info ] [MainThread]: Profile btc written to /Users/maxibertonalbornoz/.dbt/profiles.yml using target's profile_template.yml and your supplied values. Run 'dbt debug' to validate the connection.
[0m08:29:05.140667 [debug] [MainThread]: Resource report: {"command_name": "init", "command_success": true, "command_wall_clock_time": 147.8091, "process_in_blocks": "0", "process_kernel_time": 0.558505, "process_mem_max_rss": "150421504", "process_out_blocks": "0", "process_user_time": 2.067487}
[0m08:29:05.142891 [debug] [MainThread]: Command `dbt init` succeeded at 08:29:05.142701 after 147.81 seconds
[0m08:29:05.143639 [debug] [MainThread]: Sending event: {'category': 'dbt', 'action': 'invocation', 'label': 'end', 'context': [<snowplow_tracker.self_describing_json.SelfDescribingJson object at 0x10b4d5bb0>, <snowplow_tracker.self_describing_json.SelfDescribingJson object at 0x10c2f2ed0>, <snowplow_tracker.self_describing_json.SelfDescribingJson object at 0x10c21f6b0>]}
[0m08:29:05.144232 [debug] [MainThread]: Flushing usage events
[0m08:29:05.874732 [debug] [MainThread]: An error was encountered while trying to flush usage events
[0m08:46:30.099531 [debug] [MainThread]: Sending event: {'category': 'dbt', 'action': 'invocation', 'label': 'start', 'context': [<snowplow_tracker.self_describing_json.SelfDescribingJson object at 0x10371cd10>, <snowplow_tracker.self_describing_json.SelfDescribingJson object at 0x10ad964b0>, <snowplow_tracker.self_describing_json.SelfDescribingJson object at 0x10b414830>]}


============================== 08:46:30.103547 | 0f253fc3-a99a-4bd4-8eda-edfd183702d0 ==============================
[0m08:46:30.103547 [info ] [MainThread]: Running with dbt=1.9.4
[0m08:46:30.103847 [debug] [MainThread]: running dbt with arguments {'printer_width': '80', 'indirect_selection': 'eager', 'write_json': 'True', 'log_cache_events': 'False', 'partial_parse': 'True', 'cache_selected_only': 'False', 'profiles_dir': '/Users/maxibertonalbornoz/.dbt', 'fail_fast': 'False', 'debug': 'False', 'log_path': 'logs', 'warn_error': 'None', 'version_check': 'True', 'use_colors': 'True', 'use_experimental_parser': 'False', 'empty': 'False', 'quiet': 'False', 'no_print': 'None', 'log_format': 'default', 'static_parser': 'True', 'invocation_command': 'dbt run -m my_first_dbt_model', 'introspect': 'True', 'target_path': 'None', 'warn_error_options': 'WarnErrorOptions(include=[], exclude=[])', 'send_anonymous_usage_stats': 'True'}
[0m08:46:30.104128 [error] [MainThread]: Encountered an error:
Runtime Error
  No dbt_project.yml found at expected path /Users/maxibertonalbornoz/Documents/Python/btc_etl/dbt_project.yml
  Verify that each entry within packages.yml (and their transitive dependencies) contains a file named dbt_project.yml
  
[0m08:46:30.104429 [debug] [MainThread]: Resource report: {"command_name": "run", "command_success": false, "command_wall_clock_time": 0.0395905, "process_in_blocks": "0", "process_kernel_time": 0.101774, "process_mem_max_rss": "102301696", "process_out_blocks": "0", "process_user_time": 0.592823}
[0m08:46:30.104654 [debug] [MainThread]: Command `dbt run` failed at 08:46:30.104606 after 0.04 seconds
[0m08:46:30.104824 [debug] [MainThread]: Sending event: {'category': 'dbt', 'action': 'invocation', 'label': 'end', 'context': [<snowplow_tracker.self_describing_json.SelfDescribingJson object at 0x10a932cc0>, <snowplow_tracker.self_describing_json.SelfDescribingJson object at 0x10b3a2600>, <snowplow_tracker.self_describing_json.SelfDescribingJson object at 0x10b3a3a70>]}
[0m08:46:30.104970 [debug] [MainThread]: Flushing usage events
[0m08:46:30.744007 [debug] [MainThread]: An error was encountered while trying to flush usage events
[0m11:13:15.333453 [debug] [MainThread]: Sending event: {'category': 'dbt', 'action': 'invocation', 'label': 'start', 'context': [<snowplow_tracker.self_describing_json.SelfDescribingJson object at 0x10ae2a720>, <snowplow_tracker.self_describing_json.SelfDescribingJson object at 0x10b554aa0>, <snowplow_tracker.self_describing_json.SelfDescribingJson object at 0x10b554830>]}


============================== 11:13:15.336865 | a3750666-0b4d-4982-8546-869d2a48fc14 ==============================
[0m11:13:15.336865 [info ] [MainThread]: Running with dbt=1.9.4
[0m11:13:15.337151 [debug] [MainThread]: running dbt with arguments {'printer_width': '80', 'indirect_selection': 'eager', 'log_cache_events': 'False', 'write_json': 'True', 'partial_parse': 'True', 'cache_selected_only': 'False', 'warn_error': 'None', 'debug': 'False', 'profiles_dir': '/Users/maxibertonalbornoz/.dbt', 'log_path': 'logs', 'version_check': 'True', 'fail_fast': 'False', 'use_colors': 'True', 'use_experimental_parser': 'False', 'no_print': 'None', 'quiet': 'False', 'empty': 'False', 'log_format': 'default', 'static_parser': 'True', 'invocation_command': 'dbt build --target prod', 'warn_error_options': 'WarnErrorOptions(include=[], exclude=[])', 'target_path': 'None', 'introspect': 'True', 'send_anonymous_usage_stats': 'True'}
[0m11:13:15.337407 [error] [MainThread]: Encountered an error:
Runtime Error
  No dbt_project.yml found at expected path /Users/maxibertonalbornoz/Documents/Python/btc_etl/dbt_project.yml
  Verify that each entry within packages.yml (and their transitive dependencies) contains a file named dbt_project.yml
  
[0m11:13:15.337720 [debug] [MainThread]: Resource report: {"command_name": "build", "command_success": false, "command_wall_clock_time": 0.036415793, "process_in_blocks": "0", "process_kernel_time": 0.094, "process_mem_max_rss": "102088704", "process_out_blocks": "0", "process_user_time": 0.580069}
[0m11:13:15.337944 [debug] [MainThread]: Command `dbt build` failed at 11:13:15.337898 after 0.04 seconds
[0m11:13:15.338119 [debug] [MainThread]: Sending event: {'category': 'dbt', 'action': 'invocation', 'label': 'end', 'context': [<snowplow_tracker.self_describing_json.SelfDescribingJson object at 0x10b4e7c50>, <snowplow_tracker.self_describing_json.SelfDescribingJson object at 0x10aeb7b60>, <snowplow_tracker.self_describing_json.SelfDescribingJson object at 0x10b52b680>]}
[0m11:13:15.338276 [debug] [MainThread]: Flushing usage events
[0m11:13:15.900298 [debug] [MainThread]: An error was encountered while trying to flush usage events
